3.141593 3.142             3.141593         3.14 3.14159265359 3.141592653589793
31.415927 31.416            31.415927        31.42 31.4159265359 31.41592653589793
314.159265 314.159           314.159265       314.16 314.159265359 314.1592653589793
 %
   hi
hi
