Case #1: 762
Case #2: 902
Case #3: Too Bad
Case #4: Too Bad
Case #5: 1740
Case #6: 1918
Case #7: 595
Case #8: 643
Case #9: 946
Case #10: 1047
Case #11: 25
Case #12: 1648
Case #13: Too Bad
Case #14: 739
Case #15: 652
Case #16: 1124
Case #17: Too Bad
Case #18: 1204
Case #19: 589
Case #20: Too Bad
Case #21: Too Bad
Case #22: 1206
Case #23: 1889
Case #24: 482
Case #25: Too Bad
Case #26: 11
Case #27: 947
Case #28: Too Bad
Case #29: 318
Case #30: 281
Case #31: 1518
Case #32: 1584
Case #33: 1788
Case #34: Too Bad
Case #35: 694
Case #36: Too Bad
Case #37: 1048
Case #38: 419
Case #39: 1322
Case #40: 1395
Case #41: 291
Case #42: 649
Case #43: Too Bad
Case #44: 341
Case #45: 882
Case #46: 1186
Case #47: 1234
Case #48: Too Bad
Case #49: Too Bad
Case #50: 756
Case #51: 640
Case #52: Too Bad
Case #53: 1534
Case #54: Too Bad
Case #55: Too Bad
Case #56: 253
Case #57: Too Bad
Case #58: Too Bad
Case #59: Too Bad
Case #60: Too Bad
Case #61: 1338
Case #62: 478
Case #63: Too Bad
Case #64: Too Bad
Case #65: Too Bad
Case #66: Too Bad
Case #67: 431
Case #68: Too Bad
Case #69: 350
Case #70: 224
Case #71: Too Bad
Case #72: Too Bad
Case #73: Too Bad
Case #74: 1284
Case #75: 849
Case #76: 261
Case #77: 1859
Case #78: 409
Case #79: 524
Case #80: 732
Case #81: Too Bad
Case #82: 643
Case #83: 20
Case #84: Too Bad
Case #85: Too Bad
Case #86: Too Bad
Case #87: 182
Case #88: 1241
Case #89: 73
Case #90: 1236
Case #91: 359
Case #92: Too Bad
Case #93: 1167
Case #94: 12
Case #95: Too Bad
Case #96: Too Bad
Case #97: Too Bad
Case #98: 946
Case #99: Too Bad
Case #100: Too Bad
