9.95082548733e-05
-6.64242583064e-05
-5.81674984173e-06
6.73057271475e-06
-7.45927721791e-06
7.78116672828e-06
-8.35895051748e-06
8.28172862787e-06
-8.90216469853e-06
8.67209245725e-06
-9.15843238544e-06
8.65316433128e-06
-8.79070248791e-06
8.0751111585e-06
-7.8332596556e-06
7.11883605073e-06
-6.5848207384e-06
5.92236313933e-06
-4.86158732163e-06
4.04546558548e-06
-2.47197911633e-06
1.63784226221e-06
6.13127507107e-08
-7.68536233778e-07
2.35278788664e-06
-3.10337033972e-06
4.52906740662e-06
-5.3638788333e-06
6.37557959367e-06
-7.13121686878e-06
7.55616505721e-06
-8.16365273672e-06
8.17807599469e-06
-8.84131881022e-06
8.67627209744e-06
-9.20010607451e-06
8.7122838016e-06
-8.90269137875e-06
8.21666700258e-06
-8.08098534491e-06
